[smallbusiness.chron.com/social-media-hospitality-industry-37599.html]
[backblue.gif]
[fade.gif]
[index.html]
[l.hdnux.com/877x500/photos.demandstudios.com/getty/article/117/20/87565451_XS.jpg]
[smallbusiness.chron.com/public/images/favicon-new.ico]
[smallbusiness.chron.com/public/fonts/roboto-v20-latin-regular.woff]
[smallbusiness.chron.com/public/fonts/roboto-v20-latin-700.woff]
[smallbusiness.chron.com/public/fonts/roboto-slab-v11-latin-regular.woff]
[aps.hearstnp.com/Scripts/loadAds2783.html]
[nexus.ensighten.com/hearst/news-3p/Bootstrap.js]
[smallbusiness.chron.com/dist/js/infinite-scroll.js]
[cdn.taboola.com/libtrc/hearstlocalnews-network/loader.js]
[smallbusiness.chron.com/dist/js/inline-references.js]
[smallbusiness.chron.com/dist/js/intersection-observer-polyfill.js]
[smallbusiness.chron.com/dist/js/nav-bar.js]
[smallbusiness.chron.com/dist/js/main.js]
[smallbusiness.chron.com/public/fonts/roboto-v20-latin-regular.eot]
[smallbusiness.chron.com/public/fonts/roboto-v20-latin-regulard41d.eot]
[smallbusiness.chron.com/public/fonts/roboto-v20-latin-regular.ttf]
[smallbusiness.chron.com/public/fonts/roboto-v20-latin-700.eot]
[smallbusiness.chron.com/public/fonts/roboto-v20-latin-700d41d.eot]
[smallbusiness.chron.com/public/fonts/roboto-v20-latin-700.ttf]
[smallbusiness.chron.com/public/fonts/roboto-slab-v11-latin-regular.eot]
[smallbusiness.chron.com/public/fonts/roboto-slab-v11-latin-regulard41d.eot]
[smallbusiness.chron.com/public/fonts/roboto-slab-v11-latin-regular.ttf]
[smallbusiness.chron.com/public/images/logo-fallback.png]
[smallbusiness.chron.com/advertising-marketing/index.html]
[smallbusiness.chron.com/_SHARE-URL]
[l.hdnux.com/350x235p/photos.demandstudios.com/getty/article/117/20/87565451_XS.jpg]
[smallbusiness.chron.com/media/index.html]
[smallbusiness.chron.com/add-stars-facebook-posts-48762.html]
[smallbusiness.chron.com/marketing-tourism-hospitality-1494.html]
[smallbusiness.chron.com/unlink-twitter-facebook-status-40443.html]
[smallbusiness.chron.com/negatives-word-of-mouth-marketing-strategies-1411.html]
[smallbusiness.chron.com/advantages-disadvantages-advertising-3553.html]
[l.hdnux.com/300x180/s3-us-west-1.amazonaws.com/contentlab.studiod/getty/fb2f1f5feef044d6976bf14ee602a0cd.jpg]
[smallbusiness.chron.com/importance-customer-service-hospitality-tourism-81068.html]
[smallbusiness.chron.com/remove-ignore-facebook-69317.html]
[l.hdnux.com/300x180/photos.demandstudios.com/getty/article/81/78/86524834_XS.jpg]
[smallbusiness.chron.com/advantages-locationbased-mobile-networking-businesses-32186.html]
[l.hdnux.com/300x180/photos.demandstudios.com/getty/article/18/193/stk21458wea_XS.jpg]
[l.hdnux.com/300x180/photos.demandstudios.com/getty/article/129/175/87966102_XS.jpg]
[smallbusiness.chron.com/hotel-advertising-ideas-3526.html]
[smallbusiness.chron.com/check-twitter-follower-requests-android-app-31919.html]
[l.hdnux.com/300x180/photos.demandstudios.com/getty/article/188/53/150940241_XS.jpg]
[smallbusiness.chron.com/sync-iphone-contacts-facebook-54945.html]
[l.hdnux.com/300x180/photos.demandstudios.com/getty/article/94/200/170938680_XS.jpg]
[smallbusiness.chron.com/delete-facebook-sms-updates-44355.html]
[l.hdnux.com/300x180/photos.demandstudios.com/getty/article/117/23/90339359_XS.jpg]
[smallbusiness.chron.com/forward-message-received-twitter-51028.html]
[l.hdnux.com/300x180/photos.demandstudios.com/getty/article/251/156/87622359_XS.jpg]
[smallbusiness.chron.com/make-fan-twitter-54067.html]
[l.hdnux.com/300x180/photos.demandstudios.com/getty/article/151/2/88791256_XS.jpg]
[l.hdnux.com/300x180/photos.demandstudios.com/getty/article/41/22/86526659_XS.jpg]
[l.hdnux.com/300x180/photos.demandstudios.com/getty/article/41/206/87567932_XS.jpg]
[smallbusiness.chron.com/social-media-hospitality-industry-37599.html]
[www.googletagmanager.com/gtm5445.html]
[securepubads.g.doubleclick.net/tag/js/gpt.js]
[video-outstream.rubiconproject.com/apex-2.2.1.js]
[mis.hearstnp.com/juice/Bookmarklets/hnp-debug.js]
[d15kdpgjg3unno.cloudfront.net/oPS6101.js]
[aps.hearstnp.com/Scripts/loadAds2783.html]
[smallbusiness.chron.com/public/fonts/roboto-v20-latin-regular.svg]
[smallbusiness.chron.com/public/fonts/roboto-v20-latin-700.svg]
[smallbusiness.chron.com/public/fonts/roboto-slab-v11-latin-regular.svg]
[smallbusiness.chron.com/public/images/nav_sprite.svg]
[smallbusiness.chron.com/public/images/social_sprite.svg]
[smallbusiness.chron.com/index.html]
[smallbusiness.chron.com/public/images/logo-new.svg]
[assets.publicgood.com/pgm/v1/pgm-api.js]
[smallbusiness.chron.com/images/channel-logo.5f.delayed]
[smallbusiness.chron.com/buy-quality-business-cards-14727.html]
[l.hdnux.com/600x400/photos.demandstudios.com/getty/article/142/148/87603388_XS.jpg]
[smallbusiness.chron.com/strategies-media-companies-16762.html]
[l.hdnux.com/600x400/photos.demandstudios.com/getty/article/76/111/200469420-001_XS.jpg]
[smallbusiness.chron.com/tips-advertise-business-16760.html]
[l.hdnux.com/600x400/photos.demandstudios.com/getty/article/178/104/87572951_XS.jpg]
[smallbusiness.chron.com/can-mlm-14798.html]
[l.hdnux.com/600x400/photos.demandstudios.com/getty/article/142/125/87827416_XS.jpg]
[smallbusiness.chron.com/print-via-bluetooth-ipad-59510.html]
[l.hdnux.com/600x400/photos.demandstudios.com/getty/article/88/201/89686614_XS.jpg]
[smallbusiness.chron.com/idea-production-26382.html]
[l.hdnux.com/600x400/photos.demandstudios.com/getty/article/34/127/87470041_XS.jpg]
[smallbusiness.chron.com/place-classified-ad-publications-16202.html]
[l.hdnux.com/600x400/photos.demandstudios.com/getty/article/74/236/86517200_XS.jpg]
[smallbusiness.chron.com/market-patent-invention-16204.html]
[l.hdnux.com/600x400/photos.demandstudios.com/getty/article/41/194/AA030505_XS.jpg]
[smallbusiness.chron.com/advertise-land-hunting-14823.html]
[l.hdnux.com/600x400/photos.demandstudios.com/getty/article/117/51/87833561_XS.jpg]
[smallbusiness.chron.com/pros-cons-patents-39770.html]
[l.hdnux.com/600x400/photos.demandstudios.com/55/117/fotolia_2742995_XS.jpg]
[smallbusiness.chron.com/answer-calls-skype-using-freetalk-headset-26942.html]
[l.hdnux.com/600x400/photos.demandstudios.com/getty/article/78/28/82821237_XS.jpg]
[smallbusiness.chron.com/run-consignment-store-nonprofit-19198.html]
[l.hdnux.com/600x400/photos.demandstudios.com/getty/article/142/35/87727921_XS.jpg]
[smallbusiness.chron.com/dissolve-business-texas-23402.html]
[l.hdnux.com/600x400/photos.demandstudios.com/59/67/fotolia_2405518_XS.jpg]
[smallbusiness.chron.com/create-word-document-full-block-format-microsoft-word-2010-75733.html]
[l.hdnux.com/600x400/photos.demandstudios.com/getty/article/178/1/76697216_XS.jpg]
[smallbusiness.chron.com/advertise-business-giveaways-14836.html]
[l.hdnux.com/600x400/photos.demandstudios.com/getty/article/129/4/87553812_XS.jpg]
[smallbusiness.chron.com/create-brand-awareness-bathrooms-14859.html]
[l.hdnux.com/600x400/photos.demandstudios.com/getty/article/176/74/89709598_XS.jpg]
[smallbusiness.chron.com/importance-product-packaging-marketing-648.html]
[l.hdnux.com/600x400/photos.demandstudios.com/getty/article/41/129/86497391_XS.jpg]
[smallbusiness.chron.com/make-business-card-using-microsoft-office-2007-58981.html]
[l.hdnux.com/600x400/photos.demandstudios.com/getty/article/197/190/89686767_XS.jpg]
[smallbusiness.chron.com/block-looking-up-cell-phone-number-33093.html]
[l.hdnux.com/600x400/photos.demandstudios.com/getty/article/78/153/78364212_XS.jpg]
[smallbusiness.chron.com/types-mailing-lists-17009.html]
[l.hdnux.com/600x400/photos.demandstudios.com/getty/article/129/154/90266709_XS.jpg]
[smallbusiness.chron.com/success-factors-affecting-small-catering-businesses-42578.html]
[l.hdnux.com/600x400/photos.demandstudios.com/getty/article/88/117/200371618-001_XS.jpg]
[smallbusiness.chron.com/advertise-franchises-14919.html]
[l.hdnux.com/600x400/photos.demandstudios.com/getty/article/171/4/83493180_XS.jpg]
[smallbusiness.chron.com/home-health-care-agency-documentation-requirements-3026.html]
[l.hdnux.com/600x400/photos.demandstudios.com/getty/article/251/45/89674134_XS.jpg]
[smallbusiness.chron.com/profile-customer-five-key-questions-81528.html]
[l.hdnux.com/600x400/photos.demandstudios.com/getty/article/171/206/77005575_XS.jpg]
[smallbusiness.chron.com/advantages-business-cards-17023.html]
[l.hdnux.com/600x400/photos.demandstudios.com/getty/article/88/161/86489616_XS.jpg]
[l.hdnux.com/600x400/photos.demandstudios.com/getty/article/83/253/89681030_XS.jpg]
[smallbusiness.chron.com/create-matrix-spreadsheet-56626.html]
[l.hdnux.com/600x400/photos.demandstudios.com/getty/article/30/67/E000301_XS.jpg]
[smallbusiness.chron.com/make-cards-word-54929.html]
[l.hdnux.com/600x400/photos.demandstudios.com/getty/article/117/117/92825393_XS.jpg]
[smallbusiness.chron.com/regression-analysis-accounting-81871.html]
[l.hdnux.com/600x400/photos.demandstudios.com/getty/article/117/236/90281489_XS.jpg]
[smallbusiness.chron.com/marketing-strategies-personal-selling-46563.html]
[l.hdnux.com/600x400/photos.demandstudios.com/getty/article/114/211/78530212_XS.jpg]
[smallbusiness.chron.com/idea-desktop-publisher-company-logo-16771.html]
[smallbusiness.chron.com/super-bowl-commercial-tv-14730.html]
[smallbusiness.chron.com/ways-legally-advertise-business-16775.html]
[smallbusiness.chron.com/product-experience-strategy-16777.html]
[smallbusiness.chron.com/delete-frames-youtube-42217.html]
[smallbusiness.chron.com/advertising-marketing/index.html]
[smallbusiness.chron.com/media/index.html]
[smallbusiness.chron.com/_SHARE-URL.html]
[smallbusiness.chron.com/add-stars-facebook-posts-48762.html]
[smallbusiness.chron.com/marketing-tourism-hospitality-1494.html]
[smallbusiness.chron.com/unlink-twitter-facebook-status-40443.html]
[smallbusiness.chron.com/negatives-word-of-mouth-marketing-strategies-1411.html]
[smallbusiness.chron.com/advantages-disadvantages-advertising-3553.html]
[smallbusiness.chron.com/importance-customer-service-hospitality-tourism-81068.html]
[smallbusiness.chron.com/remove-ignore-facebook-69317.html]
[smallbusiness.chron.com/advantages-locationbased-mobile-networking-businesses-32186.html]
[smallbusiness.chron.com/hotel-advertising-ideas-3526.html]
[smallbusiness.chron.com/check-twitter-follower-requests-android-app-31919.html]
[smallbusiness.chron.com/sync-iphone-contacts-facebook-54945.html]
[smallbusiness.chron.com/delete-facebook-sms-updates-44355.html]
[smallbusiness.chron.com/forward-message-received-twitter-51028.html]
[smallbusiness.chron.com/make-fan-twitter-54067.html]
[smallbusiness.chron.com/public/images/facebook.svg]
[smallbusiness.chron.com/public/images/twitter.svg]
[smallbusiness.chron.com/public/images/instagram.svg]
[smallbusiness.chron.com/public/images/linkedin.svg]
[aps.hearstnp.com/Scripts/bidmanager.html]
[aps.hearstnp.com/Scripts/events.html]
[aps.hearstnp.com/Scripts/').html]
[aps.hearstnp.com/Scripts/'+encodeURI(e)+'.html]
[aps.hearstnp.com/Scripts/')+5,a=e.html]
[aps.hearstnp.com/Scripts/mediaTypes.video.html]
[prebid-outstream.yieldmo.com/bundle.js]
[mis.hearstnp.com/juice/Bookmarklets/hnp-debug.js]
[aps.hearstnp.com/Scripts/Using Juice Custom.html]
[smallbusiness.chron.com/images/channel-logo.html]
[smallbusiness.chron.com/buy-quality-business-cards-14727.html]
[smallbusiness.chron.com/strategies-media-companies-16762.html]
[smallbusiness.chron.com/tips-advertise-business-16760.html]
[smallbusiness.chron.com/can-mlm-14798.html]
[smallbusiness.chron.com/print-via-bluetooth-ipad-59510.html]
